
> @workspace/api-server@0.0.0 start
> node --enable-source-maps ./dist/index.mjs

[13:59:11.631] [32mINFO[39m (17800): [36mServer listening[39m
    [35mport[39m: 5000
[14:00:07.824] [32mINFO[39m (17800): [36mrequest completed[39m
    [35mreq[39m: {
      "id": 1,
      "method": "GET",
      "url": "/api/healthz"
    }
    [35mres[39m: {
      "statusCode": 200
    }
    [35mresponseTime[39m: 14
[14:00:14.416] [32mINFO[39m (17800): [36mrequest completed[39m
    [35mreq[39m: {
      "id": 2,
      "method": "GET",
      "url": "/api/shops/stats/summary"
    }
    [35mres[39m: {
      "statusCode": 200
    }
    [35mresponseTime[39m: 26
[14:00:14.429] [32mINFO[39m (17800): [36mrequest completed[39m
    [35mreq[39m: {
      "id": 3,
      "method": "GET",
      "url": "/api/shops/featured"
    }
    [35mres[39m: {
      "statusCode": 200
    }
    [35mresponseTime[39m: 11
[14:00:30.462] [32mINFO[39m (17800): [36mrequest completed[39m
    [35mreq[39m: {
      "id": 4,
      "method": "GET",
      "url": "/api/healthz"
    }
    [35mres[39m: {
      "statusCode": 200
    }
    [35mresponseTime[39m: 1
[14:00:38.983] [32mINFO[39m (17800): [36mrequest completed[39m
    [35mreq[39m: {
      "id": 5,
      "method": "GET",
      "url": "/api/shops"
    }
    [35mres[39m: {
      "statusCode": 200
    }
    [35mresponseTime[39m: 14
[14:01:26.282] [32mINFO[39m (17800): [36mrequest completed[39m
    [35mreq[39m: {
      "id": 6,
      "method": "GET",
      "url": "/api/shops/stats/summary"
    }
    [35mres[39m: {
      "statusCode": 200
    }
    [35mresponseTime[39m: 6
[14:01:26.288] [32mINFO[39m (17800): [36mrequest completed[39m
    [35mreq[39m: {
      "id": 7,
      "method": "GET",
      "url": "/api/shops/featured"
    }
    [35mres[39m: {
      "statusCode": 200
    }
    [35mresponseTime[39m: 4
[22:44:10.800] [32mINFO[39m (17800): [36mrequest completed[39m
    [35mreq[39m: {
      "id": 8,
      "method": "GET",
      "url": "/api/shops/featured"
    }
    [35mres[39m: {
      "statusCode": 200
    }
    [35mresponseTime[39m: 118
[22:44:10.933] [32mINFO[39m (17800): [36mrequest completed[39m
    [35mreq[39m: {
      "id": 9,
      "method": "GET",
      "url": "/api/shops/stats/summary"
    }
    [35mres[39m: {
      "statusCode": 304
    }
    [35mresponseTime[39m: 123
[22:44:32.228] [32mINFO[39m (17800): [36mrequest completed[39m
    [35mreq[39m: {
      "id": 10,
      "method": "GET",
      "url": "/api/shops/stats/summary"
    }
    [35mres[39m: {
      "statusCode": 304
    }
    [35mresponseTime[39m: 97
[22:44:32.284] [32mINFO[39m (17800): [36mrequest completed[39m
    [35mreq[39m: {
      "id": 11,
      "method": "GET",
      "url": "/api/shops/featured"
    }
    [35mres[39m: {
      "statusCode": 200
    }
    [35mresponseTime[39m: 10
[22:44:42.445] [32mINFO[39m (17800): [36mrequest completed[39m
    [35mreq[39m: {
      "id": 12,
      "method": "GET",
      "url": "/api/shops/featured"
    }
    [35mres[39m: {
      "statusCode": 200
    }
    [35mresponseTime[39m: 12
[22:44:42.461] [32mINFO[39m (17800): [36mrequest completed[39m
    [35mreq[39m: {
      "id": 13,
      "method": "GET",
      "url": "/api/shops/stats/summary"
    }
    [35mres[39m: {
      "statusCode": 304
    }
    [35mresponseTime[39m: 14
